[developer.wordpress.org/index.html]
[backblue.gif]
[fade.gif]
[index.html]
[developer.wordpress.org/wp-content/mu-plugins/pub-sync/global-fonts/Inter/Inter-latin.woff2]
[developer.wordpress.org/wp-content/plugins/gutenberg/build/block-library/blocks/navigation/style6f44.css]
[developer.wordpress.org/wp-content/mu-plugins/pub-sync/blocks/local-navigation-bar/build/style3332.css]
[developer.wordpress.org/comments/feed/index.html]
[developer.wordpress.org/feed/index.html]
[developer.wordpress.org/wp-content/plugins/gutenberg/build/block-library/blocks/social-links/style6f44.css]
[developer.wordpress.org/wp-content/plugins/gutenberg/build/block-library/blocks/image/style6f44.css]
[developer.wordpress.org/wp-content/themes/wporg-developer-2023/build/prism/style-index33f7.css]
[developer.wordpress.org/wp-content/mu-plugins/pub-sync/global-fonts/style45d9.css]
[developer.wordpress.org/wp-content/themes/wporg-parent-2021/build/block-styles39bf.css]
[developer.wordpress.org/wp-content/themes/wporg-parent-2021/build/styleeb67.css]
[developer.wordpress.org/wp-content/themes/wporg-parent-2021/build/print493c.css]
[developer.wordpress.org/wp-content/plugins/handbook/stylesheets/callout-boxes8adf.css]
[developer.wordpress.org/index.html]
[developer.wordpress.org/wp-content/plugins/gutenberg/build/block-library/blocks/navigation/style6f44.css]
[developer.wordpress.org/wp-content/mu-plugins/pub-sync/blocks/local-navigation-bar/build/style3332.css]
[developer.wordpress.org/wp-content/plugins/gutenberg/build/block-library/blocks/social-links/style6f44.css]
[developer.wordpress.org/wp-content/plugins/gutenberg/build/block-library/blocks/image/style6f44.css]
[developer.wordpress.org/wp-content/themes/wporg-developer-2023/build/prism/style-index33f7.css]
[developer.wordpress.org/wp-content/mu-plugins/pub-sync/global-fonts/style45d9.css]
[developer.wordpress.org/wp-content/themes/wporg-parent-2021/build/block-styles39bf.css]
[developer.wordpress.org/wp-content/themes/wporg-parent-2021/build/styleeb67.css]
[developer.wordpress.org/wp-content/themes/wporg-parent-2021/build/print493c.css]
[developer.wordpress.org/wp-content/plugins/handbook/stylesheets/callout-boxes8adf.html]
